// Jest Snapshot v1, https://goo.gl/fbAQLP

exports[`class PageLoading extends _react2.default.Component {
  render() {
    return (
      _react2.default.createElement('div', { __source: { fileName: _jsxFileName, lineNumber: 6 }, __self: this },
        _react2.default.createElement('p', { className: 'loading', __source: { fileName: _jsxFileName, lineNumber: 7 }, __self: this }, 'Loading...')));


  }} renders properly 1`] = `
ShallowWrapper {
  "length": 1,
  Symbol(enzyme.__root__): [Circular],
  Symbol(enzyme.__unrendered__): <PageLoading />,
  Symbol(enzyme.__renderer__): Object {
    "batchedUpdates": [Function],
    "getNode": [Function],
    "render": [Function],
    "simulateEvent": [Function],
    "unmount": [Function],
  },
  Symbol(enzyme.__node__): Object {
    "instance": null,
    "key": undefined,
    "nodeType": "host",
    "props": Object {
      "children": <p
        className="loading"
>
        Loading...
</p>,
    },
    "ref": null,
    "rendered": Object {
      "instance": null,
      "key": undefined,
      "nodeType": "host",
      "props": Object {
        "children": "Loading...",
        "className": "loading",
      },
      "ref": null,
      "rendered": "Loading...",
      "type": "p",
    },
    "type": "div",
  },
  Symbol(enzyme.__nodes__): Array [
    Object {
      "instance": null,
      "key": undefined,
      "nodeType": "host",
      "props": Object {
        "children": <p
          className="loading"
>
          Loading...
</p>,
      },
      "ref": null,
      "rendered": Object {
        "instance": null,
        "key": undefined,
        "nodeType": "host",
        "props": Object {
          "children": "Loading...",
          "className": "loading",
        },
        "ref": null,
        "rendered": "Loading...",
        "type": "p",
      },
      "type": "div",
    },
  ],
  Symbol(enzyme.__options__): Object {
    "adapter": ReactSixteenAdapter {
      "options": Object {
        "enableComponentDidUpdateOnSetState": true,
      },
    },
  },
}
`;
